Windows PowerShell
Copyright (C) Microsoft Corporation. All rights reserved.

Install the latest PowerShell for new features and improvements! https://aka.ms/PSWindows

PS C:\git> git init
Initialized empty Git repository in C:/git/.git/
PS C:\git> dir


    Directory: C:\git


Mode                 LastWriteTime         Length Name
----                 -------------         ------ ----
-a----        13-05-2023     22:45              0 ps.txt


PS C:\git> git config --global user.name
priyesh4383
PS C:\git> git config --global user.name "priyesh4383"
PS C:\git> git config --global user.email "priyeshsingh2001india@gmail.com"
PS C:\git> git status
On branch master

No commits yet

Untracked files:
  (use "git add <file>..." to include in what will be committed)
        ps.txt

nothing added to commit but untracked files present (use "git add" to track)
PS C:\git> git add ps.txt
PS C:\git> git commit -m "123"
[master (root-commit) 541c98b] 123
 1 file changed, 0 insertions(+), 0 deletions(-)
 create mode 100644 ps.txt
PS C:\git> git branch
* master
PS C:\git> git branch -M main
PS C:\git> git branch
* main
PS C:\git> git remote add origin https://github.com/priyesh4383/practice.git
PS C:\git> git status
On branch main
nothing to commit, working tree clean
PS C:\git> git push origin main
Enumerating objects: 3, done.
Counting objects: 100% (3/3), done.
Writing objects: 100% (3/3), 211 bytes | 211.00 KiB/s, done.
Total 3 (delta 0), reused 0 (delta 0), pack-reused 0
To https://github.com/priyesh4383/practice.git
 * [new branch]      main -> main
PS C:\git>